\BOOKMARK [1][-]{section.1}{\376\377\000T\000h\000e\000\040\0006\000k\0001\000\040\000n\000o\000t\000a\000t\000i\000o\000n}{}% 1
\BOOKMARK [1][-]{section.2}{\376\377\000T\000h\000e\000\040\000d\000i\000f\000f\000e\000r\000e\000n\000c\000e\000-\000o\000f\000-\000s\000q\000u\000a\000r\000e\000s\000\040\000i\000d\000e\000n\000t\000i\000t\000y}{}% 2
\BOOKMARK [1][-]{section.3}{\376\377\000P\000y\000t\000h\000a\000g\000o\000r\000e\000a\000n\000\040\000p\000a\000r\000t\000n\000e\000r\000s}{}% 3
\BOOKMARK [1][-]{section.4}{\376\377\000I\000m\000p\000l\000e\000m\000e\000n\000t\000a\000t\000i\000o\000n}{}% 4
\BOOKMARK [1][-]{section.5}{\376\377\000P\000o\000s\000i\000t\000i\000o\000n\000a\000l\000\040\000i\000n\000t\000e\000r\000p\000r\000e\000t\000a\000t\000i\000o\000n\000:\000\040\000b\000a\000s\000e\000\040\000s\000i\000x\000\040\000w\000i\000t\000h\000\040\000a\000\040\000s\000i\000g\000n\000e\000d\000\040\000u\000n\000i\000t\000\040\000d\000i\000g\000i\000t}{}% 5
\BOOKMARK [1][-]{section.6}{\376\377\000M\000i\000n\000i\000m\000a\000l\000i\000t\000y\000\040\000o\000f\000\040\000t\000h\000e\000\040\000c\000a\000n\000o\000n\000i\000c\000a\000l\000\040\000f\000o\000r\000m}{}% 6
\BOOKMARK [1][-]{section.7}{\376\377\000T\000h\000e\000\040\000c\000o\000p\000r\000i\000m\000a\000l\000i\000t\000y\000\040\000l\000e\000m\000m\000a}{}% 7
\BOOKMARK [1][-]{section.8}{\376\377\000E\000x\000p\000r\000e\000s\000s\000i\000o\000n\000\040\000s\000t\000a\000t\000i\000s\000t\000i\000c\000s}{}% 8
\BOOKMARK [1][-]{section.9}{\376\377\000L\000i\000m\000i\000t\000s\000\040\000o\000f\000\040\000t\000h\000e\000\040\000n\000o\000t\000a\000t\000i\000o\000n}{}% 9
\BOOKMARK [1][-]{section.10}{\376\377\000M\000a\000c\000h\000i\000n\000e\000\040\000l\000e\000a\000r\000n\000i\000n\000g\000\040\000o\000n\000\040\000t\000h\000e\000\040\000n\000o\000t\000a\000t\000i\000o\000n}{}% 10
\BOOKMARK [2][-]{subsection.10.1}{\376\377\000D\000e\000c\000o\000m\000p\000o\000s\000i\000t\000i\000o\000n\000\040\000o\000f\000\040\000t\000h\000e\000\040\000t\000a\000s\000k}{section.10}% 11
\BOOKMARK [2][-]{subsection.10.2}{\376\377\000T\000h\000e\000\040\000v\000e\000r\000i\000f\000i\000c\000a\000t\000i\000o\000n\000\040\000a\000s\000y\000m\000m\000e\000t\000r\000y}{section.10}% 12
\BOOKMARK [2][-]{subsection.10.3}{\376\377\000P\000r\000o\000p\000o\000s\000e\000d\000\040\000e\000x\000p\000e\000r\000i\000m\000e\000n\000t\000s}{section.10}% 13
\BOOKMARK [1][-]{section.11}{\376\377\000T\000h\000e\000\040\000t\000w\000o\000\040\000b\000r\000a\000n\000c\000h\000e\000s\000\040\000a\000n\000d\000\040\000t\000h\000e\000i\000r\000\040\000u\000n\000i\000o\000n}{}% 14
\BOOKMARK [2][-]{subsection.11.1}{\376\377\000D\000e\000f\000i\000n\000i\000t\000i\000o\000n\000\040\000o\000f\000\040\000t\000h\000e\000\040\000b\000r\000a\000n\000c\000h\000e\000s}{section.11}% 15
\BOOKMARK [2][-]{subsection.11.2}{\376\377\000T\000h\000e\000\040\000u\000n\000i\000o\000n\000\040\000i\000s\000\040\000e\000x\000a\000c\000t\000l\000y\000\040\000t\000h\000e\000\040\000i\000n\000t\000e\000g\000e\000r\000s\000\040\000c\000o\000p\000r\000i\000m\000e\000\040\000t\000o\000\040\000s\000i\000x}{section.11}% 16
\BOOKMARK [2][-]{subsection.11.3}{\376\377\000C\000o\000n\000t\000e\000n\000t\000s\000\040\000o\000f\000\040\000t\000h\000e\000\040\000u\000n\000i\000o\000n}{section.11}% 17
\BOOKMARK [2][-]{subsection.11.4}{\376\377\000B\000r\000a\000n\000c\000h\000\040\000t\000r\000a\000n\000s\000i\000t\000i\000o\000n\000s\000\040\000u\000n\000d\000e\000r\000\040\000t\000h\000e\000\040\000d\000e\000s\000c\000e\000n\000t}{section.11}% 18
\BOOKMARK [2][-]{subsection.11.5}{\376\377\000P\000r\000i\000m\000a\000l\000i\000t\000y\000\040\000a\000s\000\040\000a\000\040\000s\000y\000n\000t\000a\000c\000t\000i\000c\000\040\000p\000r\000o\000p\000e\000r\000t\000y}{section.11}% 19
\BOOKMARK [1][-]{section.12}{\376\377\000T\000h\000r\000e\000e\000\040\000l\000e\000v\000e\000l\000s\000\040\000o\000f\000\040\000s\000t\000r\000u\000c\000t\000u\000r\000a\000l\000\040\000r\000e\000s\000o\000l\000u\000t\000i\000o\000n}{}% 20
\BOOKMARK [2][-]{subsection.12.1}{\376\377\000L\000e\000v\000e\000l\000\040\0001\000:\000\040\000b\000l\000i\000n\000d\000\040\000d\000e\000s\000c\000e\000n\000t}{section.12}% 21
\BOOKMARK [2][-]{subsection.12.2}{\376\377\000L\000e\000v\000e\000l\000\040\0002\000:\000\040\000c\000h\000e\000a\000p\000\040\000c\000a\000n\000o\000n\000i\000c\000a\000l\000i\000s\000a\000t\000i\000o\000n}{section.12}% 22
\BOOKMARK [2][-]{subsection.12.3}{\376\377\000L\000e\000v\000e\000l\000\040\0003\000:\000\040\000f\000u\000l\000l\000\040\000c\000a\000n\000o\000n\000i\000c\000a\000l\000\040\000f\000o\000r\000m}{section.12}% 23
\BOOKMARK [2][-]{subsection.12.4}{\376\377\000S\000u\000m\000m\000a\000r\000y}{section.12}% 24
\BOOKMARK [2][-]{subsection.12.5}{\376\377\000I\000m\000p\000l\000e\000m\000e\000n\000t\000a\000t\000i\000o\000n}{section.12}% 25
\BOOKMARK [1][-]{section.13}{\376\377\000G\000e\000n\000e\000r\000a\000t\000i\000n\000g\000\040\000P\000y\000t\000h\000a\000g\000o\000r\000e\000a\000n\000\040\000p\000a\000r\000t\000n\000e\000r\000s\000\040\000f\000r\000o\000m\000\040\000a\000\040\000f\000i\000x\000e\000d\000\040\000l\000e\000g}{}% 26
\BOOKMARK [2][-]{subsection.13.1}{\376\377\000T\000h\000e\000\040\000g\000o\000v\000e\000r\000n\000i\000n\000g\000\040\000e\000q\000u\000a\000t\000i\000o\000n\000s}{section.13}% 27
\BOOKMARK [2][-]{subsection.13.2}{\376\377\000C\000o\000n\000v\000e\000r\000s\000i\000o\000n\000\040\000t\000o\000\040\000s\000u\000m\000s\000\040\000o\000f\000\040\000t\000w\000o\000\040\000s\000q\000u\000a\000r\000e\000s}{section.13}% 28
\BOOKMARK [2][-]{subsection.13.3}{\376\377\000I\000m\000p\000l\000e\000m\000e\000n\000t\000a\000t\000i\000o\000n}{section.13}% 29
\BOOKMARK [1][-]{section.14}{\376\377\000B\000a\000c\000k\000g\000r\000o\000u\000n\000d\000:\000\040\000t\000h\000e\000\040\000m\000o\000d\000-\0006\000\040\000w\000h\000e\000e\000l}{}% 30
\BOOKMARK [1][-]{section.15}{\376\377\000B\000a\000s\000e\000-\0006\0000\000\040\000i\000n\000h\000e\000r\000i\000t\000a\000n\000c\000e}{}% 31
\BOOKMARK [1][-]{section*.1}{\376\377\000D\000e\000t\000a\000i\000l\000s\000:\000\040\000T\000h\000e\000\040\000T\000o\000t\000i\000e\000n\000t\000\040\000R\000e\000l\000a\000t\000i\000o\000n}{}% 32
\BOOKMARK [1][-]{section.16}{\376\377\000R\000e\000f\000e\000r\000e\000n\000c\000e\000\040\000i\000m\000p\000l\000e\000m\000e\000n\000t\000a\000t\000i\000o\000n}{}% 33
\BOOKMARK [1][-]{section.17}{\376\377\000T\000h\000e\000\040\000p\000e\000r\000i\000o\000d\000-\000s\000i\000x\000\040\000s\000a\000w\000t\000o\000o\000t\000h\000\040\000a\000n\000d\000\040\000i\000t\000s\000\040\000f\000o\000l\000d}{}% 34
\BOOKMARK [1][-]{section.18}{\376\377\000B\000a\000s\000e\000-\000s\000i\000x\000t\000y\000\040\000i\000n\000h\000e\000r\000i\000t\000a\000n\000c\000e}{}% 35
\BOOKMARK [1][-]{section.19}{\376\377\000W\000h\000e\000e\000l\000\040\000f\000a\000c\000t\000o\000r\000i\000s\000a\000t\000i\000o\000n\000\040\000a\000n\000d\000\040\000t\000h\000e\000\040\000t\000o\000t\000i\000e\000n\000t\000\040\000d\000e\000n\000s\000i\000t\000y}{}% 36
\BOOKMARK [1][-]{section.20}{\376\377\000T\000h\000e\000\040\000t\000o\000t\000i\000e\000n\000t\000\040\000r\000e\000l\000a\000t\000i\000o\000n}{}% 37
\BOOKMARK [1][-]{section.21}{\376\377\000D\000e\000t\000a\000i\000l\000s\000:\000\040\000r\000e\000c\000i\000p\000r\000o\000c\000i\000t\000y\000\040\000o\000f\000\040\000t\000h\000e\000\040\000s\000i\000e\000v\000e\000\040\000f\000a\000c\000t\000o\000r\000\040\000a\000n\000d\000\040\000t\000h\000e\000\040\000b\000a\000s\000e\000-\000p\000\040\000e\000x\000p\000a\000n\000s\000i\000o\000n}{}% 38
\BOOKMARK [1][-]{section.22}{\376\377\000T\000h\000e\000\040\000s\000q\000u\000a\000r\000e\000-\000r\000o\000o\000t\000\040\000s\000t\000a\000i\000r\000c\000a\000s\000e}{}% 39
\BOOKMARK [2][-]{subsection.22.1}{\376\377\000C\000o\000n\000n\000e\000c\000t\000i\000o\000n\000\040\000t\000o\000\040\000t\000h\000e\000\040\000d\000i\000v\000i\000s\000o\000r\000\040\000b\000o\000u\000n\000d\000\040\000a\000n\000d\000\040\000t\000o\000\040\000d\000i\000f\000f\000e\000r\000e\000n\000c\000e\000s\000\040\000o\000f\000\040\000s\000q\000u\000a\000r\000e\000s}{section.22}% 40
\BOOKMARK [2][-]{subsection.22.2}{\376\377\000H\000i\000g\000h\000e\000r\000\040\000p\000o\000w\000e\000r\000\040\000s\000t\000a\000i\000r\000c\000a\000s\000e\000s}{section.22}% 41
\BOOKMARK [2][-]{subsection.22.3}{\376\377\000S\000t\000e\000p\000p\000i\000n\000g\000\040\000b\000y\000\040\000m\000o\000r\000e\000\040\000t\000h\000a\000n\000\040\000o\000n\000e}{section.22}% 42
\BOOKMARK [1][-]{section.23}{\376\377\000W\000h\000e\000n\000\040\000t\000h\000e\000\040\000g\000a\000p\000\040\000i\000s\000\040\000a\000\040\000s\000q\000u\000a\000r\000e\000:\000\040\000P\000y\000t\000h\000a\000g\000o\000r\000e\000a\000n\000\040\000t\000r\000i\000p\000l\000e\000s}{}% 43
\BOOKMARK [1][-]{section.24}{\376\377\000C\000a\000n\000o\000n\000i\000c\000a\000l\000\040\000c\000l\000a\000s\000s\000i\000f\000i\000c\000a\000t\000i\000o\000n\000\040\000o\000f\000\040\000t\000r\000i\000p\000l\000e\000s\000\040\000b\000y\000\040\000t\000h\000e\000\040\000\173\0003\000,\0004\000,\0005\000\175\000\040\000c\000l\000u\000s\000t\000e\000r\000s}{}% 44
\BOOKMARK [1][-]{section.25}{\376\377\000T\000h\000e\000\040\000s\000u\000m\000\040\000r\000u\000l\000e\000:\000\040\000e\000v\000e\000r\000y\000\040\000l\000i\000n\000e\000\040\000s\000u\000m\000s\000\040\000t\000o\000\040\0003\000k\0002}{}% 45
\BOOKMARK [2][-]{subsection.25.1}{\376\377\000T\000h\000e\000\040\000m\000a\000g\000i\000c\000\040\000l\000i\000n\000e\000\040\000i\000s\000\040\000a\000s\000y\000m\000m\000e\000t\000r\000i\000c\000:\000\040\000t\000w\000o\000\040\000g\000a\000p\000s\000,\000\040\000n\000o\000t\000\040\000o\000n\000e}{section.25}% 46
\BOOKMARK [2][-]{subsection.25.2}{\376\377\000C\000o\000u\000n\000t\000i\000n\000g\000\040\000t\000h\000e\000\040\000l\000i\000n\000e\000s\000:\000\040\000r\000e\000c\000t\000a\000n\000g\000l\000e\000s\000\040\000o\000n\000\040\000a\000\040\000f\000i\000x\000e\000d\000\040\000d\000i\000a\000g\000o\000n\000a\000l}{section.25}% 47
\BOOKMARK [2][-]{subsection.25.3}{\376\377\000A\000n\000\040\000a\000r\000e\000a\000\040\000c\000o\000n\000d\000i\000t\000i\000o\000n\000\040\000f\000o\000r\000\040\000a\000\040\000m\000a\000g\000i\000c\000\040\000l\000i\000n\000e}{section.25}% 48
\BOOKMARK [2][-]{subsection.25.4}{\376\377\000T\000h\000e\000\040\000a\000r\000e\000a\000\040\000s\000e\000a\000r\000c\000h\000\040\000b\000o\000u\000n\000d\000\040\000a\000n\000d\000\040\000t\000h\000e\000\040\000p\000a\000i\000r\000\040\000c\000o\000u\000n\000t}{section.25}% 49
\BOOKMARK [1][-]{section.26}{\376\377\000A\000s\000s\000e\000m\000b\000l\000i\000n\000g\000\040\000t\000h\000e\000\040\000s\000q\000u\000a\000r\000e\000:\000\040\000t\000w\000o\000\040\000f\000o\000r\000c\000e\000d\000\040\000c\000e\000l\000l\000s}{}% 50
\BOOKMARK [1][-]{section.27}{\376\377\000T\000h\000e\000\040\000g\000o\000v\000e\000r\000n\000i\000n\000g\000\040\000q\000u\000a\000n\000t\000i\000t\000y\000\040\000b\0002\000-\000a\0002\000\040\000a\000n\000d\000\040\000i\000t\000s\000\040\000a\000d\000d\000i\000t\000i\000v\000e\000-\000c\000l\000o\000s\000u\000r\000e\000\040\000r\000u\000l\000e}{}% 51
\BOOKMARK [1][-]{section.28}{\376\377\000B\000r\000e\000a\000k\000i\000n\000g\000\040\000c\000o\000n\000d\000i\000t\000i\000o\000n\000s\000:\000\040\000t\000h\000e\000\040\000s\000i\000n\000e\000\040\000c\000e\000i\000l\000i\000n\000g\000\040\000a\000n\000d\000\040\000t\000h\000e\000\040\000l\000a\000t\000t\000i\000c\000e}{}% 52
\BOOKMARK [1][-]{section.29}{\376\377\000N\000o\000r\000m\000a\000l\000i\000s\000e\000d\000\040\000f\000o\000r\000m\000:\000\040\000s\000q\000u\000a\000r\000e\000\040\000s\000i\000d\000e\000\040\0001}{}% 53
\BOOKMARK [1][-]{section.30}{\376\377\000C\000l\000o\000s\000i\000n\000g\000\040\000s\000u\000m\000m\000a\000r\000y\000:\000\040\000f\000o\000u\000r\000\040\000u\000n\000i\000t\000-\000h\000y\000p\000o\000t\000e\000n\000u\000s\000e\000\040\000t\000r\000i\000a\000n\000g\000l\000e\000s}{}% 54
\BOOKMARK [1][-]{section.31}{\376\377\000T\000h\000e\000\040\000s\000u\000m\000\040\000i\000s\000\040\000a\000\040\000c\000o\000s\000i\000n\000e\000:\000\040\000t\000h\000e\000\040\000b\000o\000u\000n\000d\000a\000r\000y\000\040\000o\000b\000s\000t\000r\000u\000c\000t\000i\000o\000n}{}% 55
\BOOKMARK [1][-]{section.32}{\376\377\000T\000h\000e\000\040\000c\000o\000n\000d\000i\000t\000i\000o\000n\000\040\000i\000n\000\040\000i\000n\000t\000e\000g\000e\000r\000s\000:\000\040\000G\000a\000u\000s\000s\000i\000a\000n\000\040\000c\000l\000o\000s\000u\000r\000e}{}% 56
\BOOKMARK [1][-]{section.33}{\376\377\000S\000y\000n\000t\000h\000e\000s\000i\000s\000:\000\040\000f\000o\000u\000r\000\040\000i\000n\000s\000c\000r\000i\000b\000e\000d\000\040\000t\000r\000i\000a\000n\000g\000l\000e\000s\000\040\000w\000h\000o\000s\000e\000\040\000a\000r\000e\000a\000s\000\040\000a\000d\000d}{}% 57
\BOOKMARK [1][-]{section.34}{\376\377\000T\000h\000e\000\040\000m\000a\000x\000i\000m\000a\000l\000\040\000a\000p\000e\000x\000:\000\040\000h\000a\000l\000f\000\040\000t\000h\000e\000\040\000i\000n\000s\000c\000r\000i\000b\000e\000d\000\040\000s\000q\000u\000a\000r\000e}{}% 58
\BOOKMARK [1][-]{section.35}{\376\377\000A\000\040\000p\000r\000o\000o\000f\000\040\000t\000a\000r\000g\000e\000t}{}% 59
\BOOKMARK [1][-]{section.36}{\376\377\000A\000\040\000d\000i\000c\000t\000i\000o\000n\000a\000r\000y\000\040\000o\000f\000\040\000t\000h\000e\000\040\000a\000p\000e\000x\000\040\000q\000u\000a\000n\000t\000i\000t\000i\000e\000s}{}% 60
\BOOKMARK [1][-]{section.37}{\376\377\000C\000o\000n\000s\000t\000r\000u\000c\000t\000i\000n\000g\000\040\000t\000h\000e\000\040\000a\000p\000e\000x\000\040\000f\000r\000o\000m\000\040\000\050\000k\000,\000\051}{}% 61
\BOOKMARK [1][-]{section.38}{\376\377\000T\000h\000e\000\040\000t\000h\000r\000e\000e\000-\000p\000a\000r\000a\000m\000e\000t\000e\000r\000\040\000f\000o\000r\000m\000\040\000\050\000k\000,\0001\000,\0002\000\051}{}% 62
\BOOKMARK [1][-]{section.39}{\376\377\000T\000h\000e\000\040\000c\000l\000o\000s\000u\000r\000e\000\040\000i\000s\000\040\000d\000e\000f\000i\000n\000i\000t\000i\000o\000n\000a\000l\000;\000\040\000o\000n\000l\000y\000\040\000a\000d\000d\000i\000t\000i\000o\000n\000s\000\040\000r\000e\000m\000a\000i\000n}{}% 63
\BOOKMARK [1][-]{section.40}{\376\377\000A\000\040\000p\000a\000r\000i\000t\000y\000\040\000c\000o\000n\000s\000t\000r\000a\000i\000n\000t\000:\000\040\000e\000v\000e\000r\000y\000\040\000c\000e\000l\000l\000\040\0001\0008\000m\000u\000\050\000m\000o\000d\0006\000m\000u\0008\000\051}{}% 64
\BOOKMARK [1][-]{section.41}{\376\377\000T\000h\000r\000e\000e\000\040\000v\000i\000e\000w\000s\000,\000\040\000t\000w\000o\000\040\000k\000n\000o\000b\000s\000,\000\040\000s\000i\000x\000\040\000c\000o\000n\000d\000i\000t\000i\000o\000n\000s}{}% 65
\BOOKMARK [2][-]{subsection.41.1}{\376\377\000O\000n\000e\000\040\000t\000w\000o\000-\000p\000a\000r\000a\000m\000e\000t\000e\000r\000\040\000f\000a\000m\000i\000l\000y\000\040\000i\000n\000\040\000t\000h\000r\000e\000e\000\040\000c\000o\000o\000r\000d\000i\000n\000a\000t\000e\000s}{section.41}% 66
\BOOKMARK [2][-]{subsection.41.2}{\376\377\000T\000h\000e\000\040\000s\000u\000m\000\040\000i\000s\000\040\000f\000r\000e\000e\000\040\000a\000n\000d\000\040\000t\000h\000e\000\040\000c\000e\000n\000t\000r\000e\000\040\000i\000s\000\040\000o\000n\000l\000y\000\040\000a\000\040\000s\000c\000a\000l\000e}{section.41}% 67
\BOOKMARK [2][-]{subsection.41.3}{\376\377\000T\000w\000o\000\040\000c\000h\000o\000s\000e\000n\000\040\000c\000e\000l\000l\000s\000,\000\040\000s\000i\000x\000\040\000d\000e\000p\000e\000n\000d\000e\000n\000t\000\040\000c\000e\000l\000l\000s}{section.41}% 68
\BOOKMARK [1][-]{section.42}{\376\377\000T\000h\000e\000\040\000e\000l\000l\000i\000p\000t\000i\000c\000\040\000c\000u\000r\000v\000e\000:\000\040\000f\000o\000r\000c\000e\000d\000\040\000c\000e\000l\000l\000s\000\040\000a\000s\000\040\000a\000\040\000g\000r\000o\000u\000p\000\040\000l\000a\000w}{}% 69
\BOOKMARK [2][-]{subsection.42.1}{\376\377\000S\000p\000o\000k\000e\000s\000\040\000a\000r\000e\000\040\000p\000o\000i\000n\000t\000s\000;\000\040\000t\000h\000e\000\040\000t\000w\000o\000\040\000k\000n\000o\000b\000s\000\040\000a\000r\000e\000\040\000t\000w\000o\000\040\000p\000o\000i\000n\000t\000s}{section.42}% 70
\BOOKMARK [2][-]{subsection.42.2}{\376\377\000T\000h\000e\000\040\000f\000o\000r\000c\000e\000d\000\040\000c\000e\000l\000l\000s\000\040\000a\000r\000e\000\040\000c\000h\000o\000r\000d\000-\000a\000n\000d\000-\000r\000e\000f\000l\000e\000c\000t\000\040\000i\000m\000a\000g\000e\000s}{section.42}% 71
\BOOKMARK [2][-]{subsection.42.3}{\376\377\000A\000\040\000c\000i\000r\000c\000u\000l\000a\000r\000\040\000r\000e\000l\000a\000t\000i\000o\000n\000:\000\040\000t\000h\000e\000\040\000c\000u\000r\000v\000e\000\040\000b\000u\000y\000s\000\040\000n\000o\000\040\000f\000r\000e\000e\000d\000o\000m}{section.42}% 72
\BOOKMARK [2][-]{subsection.42.4}{\376\377\000W\000h\000y\000\040\000s\000e\000v\000e\000n\000\040\000a\000n\000d\000\040\000n\000o\000t\000\040\000n\000i\000n\000e}{section.42}% 73
\BOOKMARK [2][-]{subsection.42.5}{\376\377\000A\000\040\000n\000e\000t\000w\000o\000r\000k\000\040\000f\000o\000r\000m\000u\000l\000a\000t\000i\000o\000n\000\040\000a\000n\000d\000\040\000a\000\040\000b\000o\000u\000n\000d\000e\000d\000\040\000s\000e\000a\000r\000c\000h}{section.42}% 74
\BOOKMARK [2][-]{subsection.42.6}{\376\377\000W\000h\000a\000t\000\040\000s\000e\000l\000e\000c\000t\000s\000\040\000a\000\040\000c\000e\000n\000t\000r\000e\000:\000\040\000m\000o\000d\000\040\0008\000,\000\040\000c\000l\000o\000s\000u\000r\000e\000,\000\040\000a\000n\000d\000\040\000t\000h\000e\000\040\000h\000y\000p\000o\000t\000e\000n\000u\000s\000e}{section.42}% 75
